Check jenkins server application status ...
Jenkins Application is already started
Check nudge database application status ...
Nudge Database Application is already started
Check nudge client application status ...
Nudge Client Application is already started
Check nudge server application status ...
Nudge Server Application is already started
Do GAS ...
Loading required package: methods
Loading required package: bitops
[1] "--->APPLYNUDGES: 7-gas11"

> Sys.setenv(NOAWT = "true")

> library(rjson)

> userobsDF <- getUserobsDF(rooturl, programid, userid, 
+     obsname)

> userobss <- getUserobs(rooturl, programid, userid, 
+     obsname)

> delFact(rooturl, programid, groupid = userid, factname = obsname)
[1] ""

> postFact(rooturl, programid, groupid = userid, factname = obsname, 
+     userobsDF)
[1] "Posting fact-->{ \"username\": 7 , \"obsname\": gas11 , \"obsdate\": \"2014-03-22 14:21:21\" , \"obsvalue\": 1 , \"obsdesc\": \"Generated using R sysbatch procedure\" }"
[1] "Posting fact-->{ \"username\": 7 , \"obsname\": gas11 , \"obsdate\": \"2014-03-25 08:17:44\" , \"obsvalue\": -2 , \"obsdesc\": \"Generated using R sysbatch procedure\" }"
[1] "Posting fact-->{ \"username\": 7 , \"obsname\": gas11 , \"obsdate\": \"2014-04-19 22:01:37\" , \"obsvalue\": 1 , \"obsdesc\": \"Generated using R sysbatch procedure\" }"
[1] "Posting fact-->{ \"username\": 7 , \"obsname\": gas11 , \"obsdate\": \"2014-04-20 18:46:07\" , \"obsvalue\": 2 , \"obsdesc\": \"Generated using R sysbatch procedure\" }"
[1] "Posting fact-->{ \"username\": 7 , \"obsname\": gas11 , \"obsdate\": \"2014-04-20 18:46:17\" , \"obsvalue\": -1 , \"obsdesc\": \"Generated using R sysbatch procedure\" }"
[1] "Posting fact-->{ \"username\": 7 , \"obsname\": gas11 , \"obsdate\": \"2014-04-20 18:46:28\" , \"obsvalue\": 0 , \"obsdesc\": \"Generated using R sysbatch procedure\" }"
[1] "Posting fact-->{ \"username\": 7 , \"obsname\": gas11 , \"obsdate\": \"2014-04-20 18:46:28\" , \"obsvalue\": 0 , \"obsdesc\": \"Generated using R sysbatch procedure\" }"

> getNudge(rooturl, programid, groupid = userid, factname = obsname, 
+     rulename = rulename)
[1] "[]"

> factouts <- getFactsystem(rooturl, programid, groupid = userid, 
+     factname = obsname)

> outputDF = c()

> for (factout in factouts) {
+     outputDF <- cbind(outputDF, c(id = fromJSON(factout$factjson)$id, 
+         rulename = fromJSON(factout$factjson) .... [TRUNCATED] 

> outputDF = data.frame(t(outputDF))
Error in t.default(outputDF) : argument is not a matrix
Calls: source ... withVisible -> eval -> eval -> data.frame -> t -> t.default
Execution halted
Do fitbit ...
Loading required package: methods
Loading required package: bitops
[1] "--->INSERTOBS --7"

> Sys.setenv(NOAWT = "true")

> library(httr)

> library(rjson)

> library("RCurl")

> user <- getUser(rooturl, userid)

> username <- user["username"]

> pushoveruser <- user["pushoveruser"]

> fitbitkey <- user["fitbitkey"]

> fitbitsecret <- user["fitbitsecret"]

> fitbitappname <- user["fitbitappname"]

> if (!is.na(fitbitkey)) {
+     token_url <- "http://api.fitbit.com/oauth/request_token"
+     access_url <- "http://api.fitbit.com/oauth/access_toke ..." ... [TRUNCATED] 
[1] "Posting userobs-->{ \"programid\" :1, \"userid\" :7, \"obsname\" :\"activity\", \"obsvalue\" :13434, \"obsdesc\" :\"System generated from fitbit.com stepcount download\", \"obsdate\" :\"2014-06-18\", \"obstype\" : \"userobs\" }"
[1] "Posting userobs-->{ \"programid\" :1, \"userid\" :7, \"obsname\" :\"activity\", \"obsvalue\" :11725, \"obsdesc\" :\"System generated from fitbit.com stepcount download\", \"obsdate\" :\"2014-06-19\", \"obstype\" : \"userobs\" }"
[1] "Posting userobs-->{ \"programid\" :1, \"userid\" :7, \"obsname\" :\"activity\", \"obsvalue\" :13590, \"obsdesc\" :\"System generated from fitbit.com stepcount download\", \"obsdate\" :\"2014-06-20\", \"obstype\" : \"userobs\" }"
[1] "Posting userobs-->{ \"programid\" :1, \"userid\" :7, \"obsname\" :\"activity\", \"obsvalue\" :15853, \"obsdesc\" :\"System generated from fitbit.com stepcount download\", \"obsdate\" :\"2014-06-21\", \"obstype\" : \"userobs\" }"
[1] "Posting userobs-->{ \"programid\" :1, \"userid\" :7, \"obsname\" :\"activity\", \"obsvalue\" :7937, \"obsdesc\" :\"System generated from fitbit.com stepcount download\", \"obsdate\" :\"2014-06-22\", \"obstype\" : \"userobs\" }"
[1] "Posting userobs-->{ \"programid\" :1, \"userid\" :7, \"obsname\" :\"activity\", \"obsvalue\" :10663, \"obsdesc\" :\"System generated from fitbit.com stepcount download\", \"obsdate\" :\"2014-06-23\", \"obstype\" : \"userobs\" }"
[1] "Posting userobs-->{ \"programid\" :1, \"userid\" :7, \"obsname\" :\"activity\", \"obsvalue\" :12288, \"obsdesc\" :\"System generated from fitbit.com stepcount download\", \"obsdate\" :\"2014-06-24\", \"obstype\" : \"userobs\" }"
[1] "Posting userobs-->{ \"programid\" :1, \"userid\" :7, \"obsname\" :\"activity\", \"obsvalue\" :9033, \"obsdesc\" :\"System generated from fitbit.com stepcount download\", \"obsdate\" :\"2014-06-25\", \"obstype\" : \"userobs\" }"
[1] "Posting userobs-->{ \"programid\" :1, \"userid\" :7, \"obsname\" :\"activity\", \"obsvalue\" :13968, \"obsdesc\" :\"System generated from fitbit.com stepcount download\", \"obsdate\" :\"2014-06-26\", \"obstype\" : \"userobs\" }"
[1] "Posting userobs-->{ \"programid\" :1, \"userid\" :7, \"obsname\" :\"activity\", \"obsvalue\" :5650, \"obsdesc\" :\"System generated from fitbit.com stepcount download\", \"obsdate\" :\"2014-06-27\", \"obstype\" : \"userobs\" }"
[1] "Posting userobs-->{ \"programid\" :1, \"userid\" :7, \"obsname\" :\"activity\", \"obsvalue\" :3115, \"obsdesc\" :\"System generated from fitbit.com stepcount download\", \"obsdate\" :\"2014-06-28\", \"obstype\" : \"userobs\" }"
[1] "Posting userobs-->{ \"programid\" :1, \"userid\" :7, \"obsname\" :\"activity\", \"obsvalue\" :12306, \"obsdesc\" :\"System generated from fitbit.com stepcount download\", \"obsdate\" :\"2014-06-29\", \"obstype\" : \"userobs\" }"
[1] "Posting userobs-->{ \"programid\" :1, \"userid\" :7, \"obsname\" :\"activity\", \"obsvalue\" :12209, \"obsdesc\" :\"System generated from fitbit.com stepcount download\", \"obsdate\" :\"2014-06-30\", \"obstype\" : \"userobs\" }"
[1] "Posting userobs-->{ \"programid\" :1, \"userid\" :7, \"obsname\" :\"activity\", \"obsvalue\" :8676, \"obsdesc\" :\"System generated from fitbit.com stepcount download\", \"obsdate\" :\"2014-07-01\", \"obstype\" : \"userobs\" }"
[1] "Posting userobs-->{ \"programid\" :1, \"userid\" :7, \"obsname\" :\"activity\", \"obsvalue\" :10773, \"obsdesc\" :\"System generated from fitbit.com stepcount download\", \"obsdate\" :\"2014-07-02\", \"obstype\" : \"userobs\" }"
[1] "Posting userobs-->{ \"programid\" :1, \"userid\" :7, \"obsname\" :\"activity\", \"obsvalue\" :10001, \"obsdesc\" :\"System generated from fitbit.com stepcount download\", \"obsdate\" :\"2014-07-03\", \"obstype\" : \"userobs\" }"
[1] "Posting userobs-->{ \"programid\" :1, \"userid\" :7, \"obsname\" :\"activity\", \"obsvalue\" :13267, \"obsdesc\" :\"System generated from fitbit.com stepcount download\", \"obsdate\" :\"2014-07-04\", \"obstype\" : \"userobs\" }"
[1] "Posting userobs-->{ \"programid\" :1, \"userid\" :7, \"obsname\" :\"activity\", \"obsvalue\" :6328, \"obsdesc\" :\"System generated from fitbit.com stepcount download\", \"obsdate\" :\"2014-07-05\", \"obstype\" : \"userobs\" }"
[1] "Posting userobs-->{ \"programid\" :1, \"userid\" :7, \"obsname\" :\"activity\", \"obsvalue\" :18261, \"obsdesc\" :\"System generated from fitbit.com stepcount download\", \"obsdate\" :\"2014-07-06\", \"obstype\" : \"userobs\" }"
[1] "Posting userobs-->{ \"programid\" :1, \"userid\" :7, \"obsname\" :\"activity\", \"obsvalue\" :7952, \"obsdesc\" :\"System generated from fitbit.com stepcount download\", \"obsdate\" :\"2014-07-07\", \"obstype\" : \"userobs\" }"
[1] "Posting userobs-->{ \"programid\" :1, \"userid\" :7, \"obsname\" :\"activity\", \"obsvalue\" :17740, \"obsdesc\" :\"System generated from fitbit.com stepcount download\", \"obsdate\" :\"2014-07-08\", \"obstype\" : \"userobs\" }"
[1] "Posting userobs-->{ \"programid\" :1, \"userid\" :7, \"obsname\" :\"activity\", \"obsvalue\" :4676, \"obsdesc\" :\"System generated from fitbit.com stepcount download\", \"obsdate\" :\"2014-07-09\", \"obstype\" : \"userobs\" }"
[1] "Posting userobs-->{ \"programid\" :1, \"userid\" :7, \"obsname\" :\"activity\", \"obsvalue\" :7335, \"obsdesc\" :\"System generated from fitbit.com stepcount download\", \"obsdate\" :\"2014-07-10\", \"obstype\" : \"userobs\" }"
[1] "Posting userobs-->{ \"programid\" :1, \"userid\" :7, \"obsname\" :\"activity\", \"obsvalue\" :9400, \"obsdesc\" :\"System generated from fitbit.com stepcount download\", \"obsdate\" :\"2014-07-11\", \"obstype\" : \"userobs\" }"
[1] "Posting userobs-->{ \"programid\" :1, \"userid\" :7, \"obsname\" :\"activity\", \"obsvalue\" :12589, \"obsdesc\" :\"System generated from fitbit.com stepcount download\", \"obsdate\" :\"2014-07-12\", \"obstype\" : \"userobs\" }"
[1] "Posting userobs-->{ \"programid\" :1, \"userid\" :7, \"obsname\" :\"activity\", \"obsvalue\" :0, \"obsdesc\" :\"System generated from fitbit.com stepcount download\", \"obsdate\" :\"2014-07-13\", \"obstype\" : \"userobs\" }"
[1] "Posting userobs-->{ \"programid\" :1, \"userid\" :7, \"obsname\" :\"activity\", \"obsvalue\" :6597, \"obsdesc\" :\"System generated from fitbit.com stepcount download\", \"obsdate\" :\"2014-07-14\", \"obstype\" : \"userobs\" }"
[1] "Posting userobs-->{ \"programid\" :1, \"userid\" :7, \"obsname\" :\"activity\", \"obsvalue\" :5220, \"obsdesc\" :\"System generated from fitbit.com stepcount download\", \"obsdate\" :\"2014-07-15\", \"obstype\" : \"userobs\" }"
[1] "Posting userobs-->{ \"programid\" :1, \"userid\" :7, \"obsname\" :\"activity\", \"obsvalue\" :7392, \"obsdesc\" :\"System generated from fitbit.com stepcount download\", \"obsdate\" :\"2014-07-16\", \"obstype\" : \"userobs\" }"
[1] "Posting userobs-->{ \"programid\" :1, \"userid\" :7, \"obsname\" :\"activity\", \"obsvalue\" :12221, \"obsdesc\" :\"System generated from fitbit.com stepcount download\", \"obsdate\" :\"2014-07-17\", \"obstype\" : \"userobs\" }"
[1] "Posting userobs-->{ \"programid\" :1, \"userid\" :7, \"obsname\" :\"activity\", \"obsvalue\" :8183, \"obsdesc\" :\"System generated from fitbit.com stepcount download\", \"obsdate\" :\"2014-07-18\", \"obstype\" : \"userobs\" }"
[1] "Posting userobs-->{ \"programid\" :1, \"userid\" :7, \"obsname\" :\"activity\", \"obsvalue\" :1238, \"obsdesc\" :\"System generated from fitbit.com stepcount download\", \"obsdate\" :\"2014-07-19\", \"obstype\" : \"userobs\" }"
[1] "--->APPLYNUDGES --7"

> Sys.setenv(NOAWT = "true")

> library(rjson)

> userobsDF <- getUserobsDF(rooturl, programid, userid, 
+     obsname)

> userobss <- getUserobs(rooturl, programid, userid, 
+     obsname)

> delFact(rooturl, programid, groupid = userid, factname = obsname)
[1] ""

> postFact(rooturl, programid, groupid = userid, factname = obsname, 
+     userobsDF)
[1] "Posting fact-->{ \"username\": 7 , \"obsname\": activity , \"obsdate\": \"2014-06-18 10:00:00\" , \"obsvalue\": 13434 , \"obsdesc\": \"Generated using R sysbatch procedure\" }"
[1] "Posting fact-->{ \"username\": 7 , \"obsname\": activity , \"obsdate\": \"2014-06-19 10:00:00\" , \"obsvalue\": 11725 , \"obsdesc\": \"Generated using R sysbatch procedure\" }"
[1] "Posting fact-->{ \"username\": 7 , \"obsname\": activity , \"obsdate\": \"2014-06-20 10:00:00\" , \"obsvalue\": 13590 , \"obsdesc\": \"Generated using R sysbatch procedure\" }"
[1] "Error postFact"
Recv failure: Network is downError in value[[3L]](cond) : 
Calls: source ... tryCatch -> tryCatchList -> tryCatchOne -> <Anonymous>
Execution halted
Do fitbit ...
Loading required package: methods
Loading required package: bitops
[1] "--->INSERTOBS --7"

> Sys.setenv(NOAWT = "true")

> library(httr)

> library(rjson)

> library("RCurl")

> user <- getUser(rooturl, userid)

> username <- user["username"]

> pushoveruser <- user["pushoveruser"]

> fitbitkey <- user["fitbitkey"]

> fitbitsecret <- user["fitbitsecret"]

> fitbitappname <- user["fitbitappname"]

> if (!is.na(fitbitkey)) {
+     token_url <- "http://api.fitbit.com/oauth/request_token"
+     access_url <- "http://api.fitbit.com/oauth/access_toke ..." ... [TRUNCATED] 
[1] "Posting userobs-->{ \"programid\" :1, \"userid\" :7, \"obsname\" :\"weight\", \"obsvalue\" :83.6, \"obsdesc\" :\"System generated from fitbit.com weight download\", \"obsdate\" :\"2014-06-18\", \"obstype\" : \"userobs\" }"
[1] "Posting userobs-->{ \"programid\" :1, \"userid\" :7, \"obsname\" :\"weight\", \"obsvalue\" :83.3, \"obsdesc\" :\"System generated from fitbit.com weight download\", \"obsdate\" :\"2014-06-20\", \"obstype\" : \"userobs\" }"
[1] "Posting userobs-->{ \"programid\" :1, \"userid\" :7, \"obsname\" :\"weight\", \"obsvalue\" :83.6, \"obsdesc\" :\"System generated from fitbit.com weight download\", \"obsdate\" :\"2014-06-21\", \"obstype\" : \"userobs\" }"
[1] "Posting userobs-->{ \"programid\" :1, \"userid\" :7, \"obsname\" :\"weight\", \"obsvalue\" :83.8, \"obsdesc\" :\"System generated from fitbit.com weight download\", \"obsdate\" :\"2014-06-22\", \"obstype\" : \"userobs\" }"
[1] "Posting userobs-->{ \"programid\" :1, \"userid\" :7, \"obsname\" :\"weight\", \"obsvalue\" :83.5, \"obsdesc\" :\"System generated from fitbit.com weight download\", \"obsdate\" :\"2014-06-23\", \"obstype\" : \"userobs\" }"
[1] "Posting userobs-->{ \"programid\" :1, \"userid\" :7, \"obsname\" :\"weight\", \"obsvalue\" :83.9, \"obsdesc\" :\"System generated from fitbit.com weight download\", \"obsdate\" :\"2014-06-24\", \"obstype\" : \"userobs\" }"
[1] "Posting userobs-->{ \"programid\" :1, \"userid\" :7, \"obsname\" :\"weight\", \"obsvalue\" :83.8, \"obsdesc\" :\"System generated from fitbit.com weight download\", \"obsdate\" :\"2014-06-25\", \"obstype\" : \"userobs\" }"
[1] "Posting userobs-->{ \"programid\" :1, \"userid\" :7, \"obsname\" :\"weight\", \"obsvalue\" :83.4, \"obsdesc\" :\"System generated from fitbit.com weight download\", \"obsdate\" :\"2014-06-26\", \"obstype\" : \"userobs\" }"
[1] "Posting userobs-->{ \"programid\" :1, \"userid\" :7, \"obsname\" :\"weight\", \"obsvalue\" :82.8, \"obsdesc\" :\"System generated from fitbit.com weight download\", \"obsdate\" :\"2014-06-27\", \"obstype\" : \"userobs\" }"
[1] "Posting userobs-->{ \"programid\" :1, \"userid\" :7, \"obsname\" :\"weight\", \"obsvalue\" :82.9, \"obsdesc\" :\"System generated from fitbit.com weight download\", \"obsdate\" :\"2014-06-28\", \"obstype\" : \"userobs\" }"
[1] "Posting userobs-->{ \"programid\" :1, \"userid\" :7, \"obsname\" :\"weight\", \"obsvalue\" :83, \"obsdesc\" :\"System generated from fitbit.com weight download\", \"obsdate\" :\"2014-06-29\", \"obstype\" : \"userobs\" }"
[1] "Posting userobs-->{ \"programid\" :1, \"userid\" :7, \"obsname\" :\"weight\", \"obsvalue\" :82.6, \"obsdesc\" :\"System generated from fitbit.com weight download\", \"obsdate\" :\"2014-06-29\", \"obstype\" : \"userobs\" }"
[1] "Posting userobs-->{ \"programid\" :1, \"userid\" :7, \"obsname\" :\"weight\", \"obsvalue\" :82.7, \"obsdesc\" :\"System generated from fitbit.com weight download\", \"obsdate\" :\"2014-06-30\", \"obstype\" : \"userobs\" }"
[1] "Posting userobs-->{ \"programid\" :1, \"userid\" :7, \"obsname\" :\"weight\", \"obsvalue\" :83.5, \"obsdesc\" :\"System generated from fitbit.com weight download\", \"obsdate\" :\"2014-07-01\", \"obstype\" : \"userobs\" }"
[1] "Posting userobs-->{ \"programid\" :1, \"userid\" :7, \"obsname\" :\"weight\", \"obsvalue\" :83.2, \"obsdesc\" :\"System generated from fitbit.com weight download\", \"obsdate\" :\"2014-07-02\", \"obstype\" : \"userobs\" }"
[1] "Posting userobs-->{ \"programid\" :1, \"userid\" :7, \"obsname\" :\"weight\", \"obsvalue\" :82.9, \"obsdesc\" :\"System generated from fitbit.com weight download\", \"obsdate\" :\"2014-07-03\", \"obstype\" : \"userobs\" }"
[1] "Posting userobs-->{ \"programid\" :1, \"userid\" :7, \"obsname\" :\"weight\", \"obsvalue\" :83.1, \"obsdesc\" :\"System generated from fitbit.com weight download\", \"obsdate\" :\"2014-07-04\", \"obstype\" : \"userobs\" }"
[1] "Posting userobs-->{ \"programid\" :1, \"userid\" :7, \"obsname\" :\"weight\", \"obsvalue\" :83, \"obsdesc\" :\"System generated from fitbit.com weight download\", \"obsdate\" :\"2014-07-05\", \"obstype\" : \"userobs\" }"
[1] "Posting userobs-->{ \"programid\" :1, \"userid\" :7, \"obsname\" :\"weight\", \"obsvalue\" :83, \"obsdesc\" :\"System generated from fitbit.com weight download\", \"obsdate\" :\"2014-07-06\", \"obstype\" : \"userobs\" }"
[1] "Posting userobs-->{ \"programid\" :1, \"userid\" :7, \"obsname\" :\"weight\", \"obsvalue\" :83.3, \"obsdesc\" :\"System generated from fitbit.com weight download\", \"obsdate\" :\"2014-07-07\", \"obstype\" : \"userobs\" }"
[1] "Posting userobs-->{ \"programid\" :1, \"userid\" :7, \"obsname\" :\"weight\", \"obsvalue\" :83.4, \"obsdesc\" :\"System generated from fitbit.com weight download\", \"obsdate\" :\"2014-07-08\", \"obstype\" : \"userobs\" }"
[1] "Posting userobs-->{ \"programid\" :1, \"userid\" :7, \"obsname\" :\"weight\", \"obsvalue\" :82.9, \"obsdesc\" :\"System generated from fitbit.com weight download\", \"obsdate\" :\"2014-07-09\", \"obstype\" : \"userobs\" }"
[1] "Posting userobs-->{ \"programid\" :1, \"userid\" :7, \"obsname\" :\"weight\", \"obsvalue\" :83.1, \"obsdesc\" :\"System generated from fitbit.com weight download\", \"obsdate\" :\"2014-07-12\", \"obstype\" : \"userobs\" }"
[1] "Posting userobs-->{ \"programid\" :1, \"userid\" :7, \"obsname\" :\"weight\", \"obsvalue\" :83.4, \"obsdesc\" :\"System generated from fitbit.com weight download\", \"obsdate\" :\"2014-07-13\", \"obstype\" : \"userobs\" }"
[1] "Posting userobs-->{ \"programid\" :1, \"userid\" :7, \"obsname\" :\"weight\", \"obsvalue\" :83.4, \"obsdesc\" :\"System generated from fitbit.com weight download\", \"obsdate\" :\"2014-07-14\", \"obstype\" : \"userobs\" }"
[1] "Posting userobs-->{ \"programid\" :1, \"userid\" :7, \"obsname\" :\"weight\", \"obsvalue\" :84.5, \"obsdesc\" :\"System generated from fitbit.com weight download\", \"obsdate\" :\"2014-07-16\", \"obstype\" : \"userobs\" }"
[1] "Posting userobs-->{ \"programid\" :1, \"userid\" :7, \"obsname\" :\"weight\", \"obsvalue\" :83.5, \"obsdesc\" :\"System generated from fitbit.com weight download\", \"obsdate\" :\"2014-07-17\", \"obstype\" : \"userobs\" }"
[1] "Posting userobs-->{ \"programid\" :1, \"userid\" :7, \"obsname\" :\"weight\", \"obsvalue\" :82.9, \"obsdesc\" :\"System generated from fitbit.com weight download\", \"obsdate\" :\"2014-07-18\", \"obstype\" : \"userobs\" }"
[1] "Posting userobs-->{ \"programid\" :1, \"userid\" :7, \"obsname\" :\"weight\", \"obsvalue\" :83, \"obsdesc\" :\"System generated from fitbit.com weight download\", \"obsdate\" :\"2014-07-19\", \"obstype\" : \"userobs\" }"
[1] "Posting userobs-->{ \"programid\" :1, \"userid\" :7, \"obsname\" :\"bmi\", \"obsvalue\" :28.94, \"obsdesc\" :\"System generated from fitbit.com bmi download\", \"obsdate\" :\"2014-06-18\", \"obstype\" : \"userobs\" }"
[1] "Posting userobs-->{ \"programid\" :1, \"userid\" :7, \"obsname\" :\"bmi\", \"obsvalue\" :28.86, \"obsdesc\" :\"System generated from fitbit.com bmi download\", \"obsdate\" :\"2014-06-20\", \"obstype\" : \"userobs\" }"
[1] "Posting userobs-->{ \"programid\" :1, \"userid\" :7, \"obsname\" :\"bmi\", \"obsvalue\" :28.95, \"obsdesc\" :\"System generated from fitbit.com bmi download\", \"obsdate\" :\"2014-06-21\", \"obstype\" : \"userobs\" }"
[1] "Posting userobs-->{ \"programid\" :1, \"userid\" :7, \"obsname\" :\"bmi\", \"obsvalue\" :29, \"obsdesc\" :\"System generated from fitbit.com bmi download\", \"obsdate\" :\"2014-06-22\", \"obstype\" : \"userobs\" }"
[1] "Posting userobs-->{ \"programid\" :1, \"userid\" :7, \"obsname\" :\"bmi\", \"obsvalue\" :28.93, \"obsdesc\" :\"System generated from fitbit.com bmi download\", \"obsdate\" :\"2014-06-23\", \"obstype\" : \"userobs\" }"
[1] "Posting userobs-->{ \"programid\" :1, \"userid\" :7, \"obsname\" :\"bmi\", \"obsvalue\" :29.04, \"obsdesc\" :\"System generated from fitbit.com bmi download\", \"obsdate\" :\"2014-06-24\", \"obstype\" : \"userobs\" }"
[1] "Posting userobs-->{ \"programid\" :1, \"userid\" :7, \"obsname\" :\"bmi\", \"obsvalue\" :29, \"obsdesc\" :\"System generated from fitbit.com bmi download\", \"obsdate\" :\"2014-06-25\", \"obstype\" : \"userobs\" }"
[1] "Posting userobs-->{ \"programid\" :1, \"userid\" :7, \"obsname\" :\"bmi\", \"obsvalue\" :28.86, \"obsdesc\" :\"System generated from fitbit.com bmi download\", \"obsdate\" :\"2014-06-26\", \"obstype\" : \"userobs\" }"
[1] "Posting userobs-->{ \"programid\" :1, \"userid\" :7, \"obsname\" :\"bmi\", \"obsvalue\" :28.66, \"obsdesc\" :\"System generated from fitbit.com bmi download\", \"obsdate\" :\"2014-06-27\", \"obstype\" : \"userobs\" }"
[1] "Posting userobs-->{ \"programid\" :1, \"userid\" :7, \"obsname\" :\"bmi\", \"obsvalue\" :28.69, \"obsdesc\" :\"System generated from fitbit.com bmi download\", \"obsdate\" :\"2014-06-28\", \"obstype\" : \"userobs\" }"
[1] "Posting userobs-->{ \"programid\" :1, \"userid\" :7, \"obsname\" :\"bmi\", \"obsvalue\" :28.75, \"obsdesc\" :\"System generated from fitbit.com bmi download\", \"obsdate\" :\"2014-06-29\", \"obstype\" : \"userobs\" }"
[1] "Posting userobs-->{ \"programid\" :1, \"userid\" :7, \"obsname\" :\"bmi\", \"obsvalue\" :28.59, \"obsdesc\" :\"System generated from fitbit.com bmi download\", \"obsdate\" :\"2014-06-29\", \"obstype\" : \"userobs\" }"
[1] "Posting userobs-->{ \"programid\" :1, \"userid\" :7, \"obsname\" :\"bmi\", \"obsvalue\" :28.64, \"obsdesc\" :\"System generated from fitbit.com bmi download\", \"obsdate\" :\"2014-06-30\", \"obstype\" : \"userobs\" }"
[1] "Posting userobs-->{ \"programid\" :1, \"userid\" :7, \"obsname\" :\"bmi\", \"obsvalue\" :28.92, \"obsdesc\" :\"System generated from fitbit.com bmi download\", \"obsdate\" :\"2014-07-01\", \"obstype\" : \"userobs\" }"
[1] "Posting userobs-->{ \"programid\" :1, \"userid\" :7, \"obsname\" :\"bmi\", \"obsvalue\" :28.79, \"obsdesc\" :\"System generated from fitbit.com bmi download\", \"obsdate\" :\"2014-07-02\", \"obstype\" : \"userobs\" }"
[1] "Posting userobs-->{ \"programid\" :1, \"userid\" :7, \"obsname\" :\"bmi\", \"obsvalue\" :28.7, \"obsdesc\" :\"System generated from fitbit.com bmi download\", \"obsdate\" :\"2014-07-03\", \"obstype\" : \"userobs\" }"
[1] "Posting userobs-->{ \"programid\" :1, \"userid\" :7, \"obsname\" :\"bmi\", \"obsvalue\" :28.76, \"obsdesc\" :\"System generated from fitbit.com bmi download\", \"obsdate\" :\"2014-07-04\", \"obstype\" : \"userobs\" }"
[1] "Posting userobs-->{ \"programid\" :1, \"userid\" :7, \"obsname\" :\"bmi\", \"obsvalue\" :28.74, \"obsdesc\" :\"System generated from fitbit.com bmi download\", \"obsdate\" :\"2014-07-05\", \"obstype\" : \"userobs\" }"
[1] "Posting userobs-->{ \"programid\" :1, \"userid\" :7, \"obsname\" :\"bmi\", \"obsvalue\" :28.74, \"obsdesc\" :\"System generated from fitbit.com bmi download\", \"obsdate\" :\"2014-07-06\", \"obstype\" : \"userobs\" }"
[1] "Posting userobs-->{ \"programid\" :1, \"userid\" :7, \"obsname\" :\"bmi\", \"obsvalue\" :28.85, \"obsdesc\" :\"System generated from fitbit.com bmi download\", \"obsdate\" :\"2014-07-07\", \"obstype\" : \"userobs\" }"
[1] "Posting userobs-->{ \"programid\" :1, \"userid\" :7, \"obsname\" :\"bmi\", \"obsvalue\" :28.88, \"obsdesc\" :\"System generated from fitbit.com bmi download\", \"obsdate\" :\"2014-07-08\", \"obstype\" : \"userobs\" }"
[1] "Posting userobs-->{ \"programid\" :1, \"userid\" :7, \"obsname\" :\"bmi\", \"obsvalue\" :28.71, \"obsdesc\" :\"System generated from fitbit.com bmi download\", \"obsdate\" :\"2014-07-09\", \"obstype\" : \"userobs\" }"
[1] "Posting userobs-->{ \"programid\" :1, \"userid\" :7, \"obsname\" :\"bmi\", \"obsvalue\" :28.76, \"obsdesc\" :\"System generated from fitbit.com bmi download\", \"obsdate\" :\"2014-07-12\", \"obstype\" : \"userobs\" }"
[1] "Posting userobs-->{ \"programid\" :1, \"userid\" :7, \"obsname\" :\"bmi\", \"obsvalue\" :28.89, \"obsdesc\" :\"System generated from fitbit.com bmi download\", \"obsdate\" :\"2014-07-13\", \"obstype\" : \"userobs\" }"
[1] "Posting userobs-->{ \"programid\" :1, \"userid\" :7, \"obsname\" :\"bmi\", \"obsvalue\" :28.87, \"obsdesc\" :\"System generated from fitbit.com bmi download\", \"obsdate\" :\"2014-07-14\", \"obstype\" : \"userobs\" }"
[1] "Posting userobs-->{ \"programid\" :1, \"userid\" :7, \"obsname\" :\"bmi\", \"obsvalue\" :29.27, \"obsdesc\" :\"System generated from fitbit.com bmi download\", \"obsdate\" :\"2014-07-16\", \"obstype\" : \"userobs\" }"
[1] "Posting userobs-->{ \"programid\" :1, \"userid\" :7, \"obsname\" :\"bmi\", \"obsvalue\" :28.93, \"obsdesc\" :\"System generated from fitbit.com bmi download\", \"obsdate\" :\"2014-07-17\", \"obstype\" : \"userobs\" }"
[1] "Posting userobs-->{ \"programid\" :1, \"userid\" :7, \"obsname\" :\"bmi\", \"obsvalue\" :28.7, \"obsdesc\" :\"System generated from fitbit.com bmi download\", \"obsdate\" :\"2014-07-18\", \"obstype\" : \"userobs\" }"
[1] "Posting userobs-->{ \"programid\" :1, \"userid\" :7, \"obsname\" :\"bmi\", \"obsvalue\" :28.75, \"obsdesc\" :\"System generated from fitbit.com bmi download\", \"obsdate\" :\"2014-07-19\", \"obstype\" : \"userobs\" }"
[1] "--->APPLYNUDGES --7"

> Sys.setenv(NOAWT = "true")

> library(rjson)

> userobsDF <- getUserobsDF(rooturl, programid, userid, 
+     obsname)

> userobss <- getUserobs(rooturl, programid, userid, 
+     obsname)

> delFact(rooturl, programid, groupid = userid, factname = obsname)
[1] ""

> postFact(rooturl, programid, groupid = userid, factname = obsname, 
+     userobsDF)
[1] "Posting fact-->{ \"username\": 7 , \"obsname\": bmi , \"obsdate\": \"2014-06-18 10:00:00\" , \"obsvalue\": 28.94 , \"obsdesc\": \"Generated using R sysbatch procedure\" }"
[1] "Posting fact-->{ \"username\": 7 , \"obsname\": bmi , \"obsdate\": \"2014-06-20 10:00:00\" , \"obsvalue\": 28.86 , \"obsdesc\": \"Generated using R sysbatch procedure\" }"
[1] "Posting fact-->{ \"username\": 7 , \"obsname\": bmi , \"obsdate\": \"2014-06-21 10:00:00\" , \"obsvalue\": 28.95 , \"obsdesc\": \"Generated using R sysbatch procedure\" }"
[1] "Posting fact-->{ \"username\": 7 , \"obsname\": bmi , \"obsdate\": \"2014-06-22 10:00:00\" , \"obsvalue\": 29 , \"obsdesc\": \"Generated using R sysbatch procedure\" }"
[1] "Posting fact-->{ \"username\": 7 , \"obsname\": bmi , \"obsdate\": \"2014-06-23 10:00:00\" , \"obsvalue\": 28.93 , \"obsdesc\": \"Generated using R sysbatch procedure\" }"
[1] "Posting fact-->{ \"username\": 7 , \"obsname\": bmi , \"obsdate\": \"2014-06-24 10:00:00\" , \"obsvalue\": 29.04 , \"obsdesc\": \"Generated using R sysbatch procedure\" }"
[1] "Posting fact-->{ \"username\": 7 , \"obsname\": bmi , \"obsdate\": \"2014-06-25 10:00:00\" , \"obsvalue\": 29 , \"obsdesc\": \"Generated using R sysbatch procedure\" }"
[1] "Posting fact-->{ \"username\": 7 , \"obsname\": bmi , \"obsdate\": \"2014-06-26 10:00:00\" , \"obsvalue\": 28.86 , \"obsdesc\": \"Generated using R sysbatch procedure\" }"
[1] "Posting fact-->{ \"username\": 7 , \"obsname\": bmi , \"obsdate\": \"2014-06-27 10:00:00\" , \"obsvalue\": 28.66 , \"obsdesc\": \"Generated using R sysbatch procedure\" }"
[1] "Posting fact-->{ \"username\": 7 , \"obsname\": bmi , \"obsdate\": \"2014-06-28 10:00:00\" , \"obsvalue\": 28.69 , \"obsdesc\": \"Generated using R sysbatch procedure\" }"
[1] "Posting fact-->{ \"username\": 7 , \"obsname\": bmi , \"obsdate\": \"2014-06-29 10:00:00\" , \"obsvalue\": 28.75 , \"obsdesc\": \"Generated using R sysbatch procedure\" }"
[1] "Posting fact-->{ \"username\": 7 , \"obsname\": bmi , \"obsdate\": \"2014-06-29 10:00:00\" , \"obsvalue\": 28.59 , \"obsdesc\": \"Generated using R sysbatch procedure\" }"
[1] "Posting fact-->{ \"username\": 7 , \"obsname\": bmi , \"obsdate\": \"2014-06-30 10:00:00\" , \"obsvalue\": 28.64 , \"obsdesc\": \"Generated using R sysbatch procedure\" }"
[1] "Posting fact-->{ \"username\": 7 , \"obsname\": bmi , \"obsdate\": \"2014-07-01 10:00:00\" , \"obsvalue\": 28.92 , \"obsdesc\": \"Generated using R sysbatch procedure\" }"
[1] "Posting fact-->{ \"username\": 7 , \"obsname\": bmi , \"obsdate\": \"2014-07-02 10:00:00\" , \"obsvalue\": 28.79 , \"obsdesc\": \"Generated using R sysbatch procedure\" }"
[1] "Posting fact-->{ \"username\": 7 , \"obsname\": bmi , \"obsdate\": \"2014-07-03 10:00:00\" , \"obsvalue\": 28.7 , \"obsdesc\": \"Generated using R sysbatch procedure\" }"
[1] "Posting fact-->{ \"username\": 7 , \"obsname\": bmi , \"obsdate\": \"2014-07-04 10:00:00\" , \"obsvalue\": 28.76 , \"obsdesc\": \"Generated using R sysbatch procedure\" }"
[1] "Posting fact-->{ \"username\": 7 , \"obsname\": bmi , \"obsdate\": \"2014-07-05 10:00:00\" , \"obsvalue\": 28.74 , \"obsdesc\": \"Generated using R sysbatch procedure\" }"
[1] "Posting fact-->{ \"username\": 7 , \"obsname\": bmi , \"obsdate\": \"2014-07-06 10:00:00\" , \"obsvalue\": 28.74 , \"obsdesc\": \"Generated using R sysbatch procedure\" }"
[1] "Posting fact-->{ \"username\": 7 , \"obsname\": bmi , \"obsdate\": \"2014-07-07 10:00:00\" , \"obsvalue\": 28.85 , \"obsdesc\": \"Generated using R sysbatch procedure\" }"
[1] "Posting fact-->{ \"username\": 7 , \"obsname\": bmi , \"obsdate\": \"2014-07-08 10:00:00\" , \"obsvalue\": 28.88 , \"obsdesc\": \"Generated using R sysbatch procedure\" }"
[1] "Posting fact-->{ \"username\": 7 , \"obsname\": bmi , \"obsdate\": \"2014-07-09 10:00:00\" , \"obsvalue\": 28.71 , \"obsdesc\": \"Generated using R sysbatch procedure\" }"
[1] "Posting fact-->{ \"username\": 7 , \"obsname\": bmi , \"obsdate\": \"2014-07-12 10:00:00\" , \"obsvalue\": 28.76 , \"obsdesc\": \"Generated using R sysbatch procedure\" }"
[1] "Posting fact-->{ \"username\": 7 , \"obsname\": bmi , \"obsdate\": \"2014-07-13 10:00:00\" , \"obsvalue\": 28.89 , \"obsdesc\": \"Generated using R sysbatch procedure\" }"
[1] "Posting fact-->{ \"username\": 7 , \"obsname\": bmi , \"obsdate\": \"2014-07-14 10:00:00\" , \"obsvalue\": 28.87 , \"obsdesc\": \"Generated using R sysbatch procedure\" }"
[1] "Posting fact-->{ \"username\": 7 , \"obsname\": bmi , \"obsdate\": \"2014-07-16 10:00:00\" , \"obsvalue\": 29.27 , \"obsdesc\": \"Generated using R sysbatch procedure\" }"
[1] "Posting fact-->{ \"username\": 7 , \"obsname\": bmi , \"obsdate\": \"2014-07-17 10:00:00\" , \"obsvalue\": 28.93 , \"obsdesc\": \"Generated using R sysbatch procedure\" }"
[1] "Posting fact-->{ \"username\": 7 , \"obsname\": bmi , \"obsdate\": \"2014-07-18 10:00:00\" , \"obsvalue\": 28.7 , \"obsdesc\": \"Generated using R sysbatch procedure\" }"
[1] "Posting fact-->{ \"username\": 7 , \"obsname\": bmi , \"obsdate\": \"2014-07-19 10:00:00\" , \"obsvalue\": 28.75 , \"obsdesc\": \"Generated using R sysbatch procedure\" }"
[1] "Posting fact-->{ \"username\": 7 , \"obsname\": bmi , \"obsdate\": \"2014-07-19 10:00:00\" , \"obsvalue\": 28.75 , \"obsdesc\": \"Generated using R sysbatch procedure\" }"

> getNudge(rooturl, programid, groupid = userid, factname = obsname, 
+     rulename = rulename)
[1] "[{\"id\":\"7\",\"ruledate\":\"2014-07-18\",\"rulemsg\":\"Nudge says that your BMI averaged 28.83 over the past 30 days\",\"rulename\":\"ruleAverageBmi\",\"ruledata\":28.829642857142858}, {\"id\":\"7\",\"ruledate\":\"2014-07-18\",\"rulemsg\":\"Nudge says that your BMI maximum was 29.27 over the past 30 days\",\"rulename\":\"ruleHighBmi\",\"ruledata\":29.27}, {\"id\":\"7\",\"ruledate\":\"2014-07-18\",\"rulemsg\":\"Nudge says that your BMI minimum was 28.59 over the past 30 days\",\"rulename\":\"ruleLowBmi\",\"ruledata\":28.59}]"

> factouts <- getFactsystem(rooturl, programid, groupid = userid, 
+     factname = obsname)

> outputDF = c()

> for (factout in factouts) {
+     outputDF <- cbind(outputDF, c(id = fromJSON(factout$factjson)$id, 
+         rulename = fromJSON(factout$factjson) .... [TRUNCATED] 

> outputDF = data.frame(t(outputDF))

> optinruleviewDF <- getOptinruleviewDF(rooturl, programid, 
+     userid)

> outputDF <- outputDF[order(outputDF[, "rulename"]), 
+     ]

> outputDF <- subset(outputDF, outputDF[, "rulename"] %in% 
+     optinruleviewDF)

> smsDF <- outputDF

> today <- Sys.Date()

> if (!is.null(nrow(smsDF))) {
+     for (i in 1:nrow(smsDF)) {
+         print(smsDF[i, "rulename"])
+         rule <- getRule(rooturl, smsDF[i, "rul ..." ... [TRUNCATED] 
[1] ruleAverageBmi
Levels: ruleAverageBmi ruleHighBmi ruleLowBmi
[1] "Posting msg-->{ \"programid\" :1, \"userid\" :7, \"ruleid\" :81, \"rulename\" :\"ruleAverageBmi\", \"ruledate\" :\"2014-07-18\", \"msgtxt\" :\"Nudge says that your BMI averaged 28.83 over the past 30 days\" }"
[1] ruleHighBmi
Levels: ruleAverageBmi ruleHighBmi ruleLowBmi
[1] "Posting msg-->{ \"programid\" :1, \"userid\" :7, \"ruleid\" :82, \"rulename\" :\"ruleHighBmi\", \"ruledate\" :\"2014-07-18\", \"msgtxt\" :\"Nudge says that your BMI maximum was 29.27 over the past 30 days\" }"
[1] ruleLowBmi
Levels: ruleAverageBmi ruleHighBmi ruleLowBmi
[1] "Posting msg-->{ \"programid\" :1, \"userid\" :7, \"ruleid\" :83, \"rulename\" :\"ruleLowBmi\", \"ruledate\" :\"2014-07-18\", \"msgtxt\" :\"Nudge says that your BMI minimum was 28.59 over the past 30 days\" }"
[1] "--->PUSHNOTIFICATION :7"

> user <- getUser(rooturl, userid)

> username <- user["username"]

> pushoveruser <- user["pushoveruser"]

> msgs <- getMsg(rooturl, programid, userid)

> for (msg in msgs) {
+     msgtxt <- paste(msg["msgtxt"], ". To opt-out from nudges visit: ", 
+         "http://www.satimetry.com/rulesettings.php", .... [TRUNCATED] 
{"status":1,"request":"c95042a93dd2c102e0f88199968bf115"}{"status":1,"request":"8e4d825ac6be2bcdea6446fca8378e8b"}{"status":1,"request":"afa951954dd2344ed70ee4220abd3351"}[1] "--->PLOTS :7"

> Sys.setenv(NOAWT = "true")

> library(RColorBrewer)

> user <- getUser(rooturl, userid)

> username <<- user["username"]

> userobsDF <- getUserobsDF(rooturl, programid, userid, 
+     obsname)

> obsvalues = as.numeric(as.character(userobsDF[, "obsvalue"]))

> obsdate <- as.POSIXct(userobsDF[, "obsdate"], format = "%Y-%m-%d %H:%M:%S")

> fileName = paste(imagesdir, "/lifecoach/user/", username, 
+     "/", obsname, ".png", sep = "")

> png(paste(fileName, sep = ""), res = ppi, width = 5 * 
+     ppi, height = 4 * ppi, pointsize = 10, units = "px")

> plot(obsdate, obsvalues, type = "b", axes = FALSE, 
+     ylab = obsname, ylim = c(floor(min(obsvalues)), ceiling(max(obsvalues))), 
+     xlim = c( .... [TRUNCATED] 

> axis(2, at = seq(floor(min(obsvalues)), ceiling(max(obsvalues)), 
+     0.25), las = 1, cex.axis = 0.6)

> axis(1, at = obsdate, labels = substr(obsdate, 6, 
+     10), cex.axis = 0.8, las = 2)

> if (obsname == "bmi") {
+     abline(h = 29, lty = 2)
+ }

> if (obsname == "weight") {
+     abline(h = 83, lty = 2)
+ }

> dev.off()
null device 
          1 
[1] "--->PLOTS :7"

> Sys.setenv(NOAWT = "true")

> library(RColorBrewer)

> user <- getUser(rooturl, userid)

> username <<- user["username"]

> userobsDF <- getUserobsDF(rooturl, programid, userid, 
+     obsname)

> obsvalues = as.numeric(as.character(userobsDF[, "obsvalue"]))

> obsdate <- as.POSIXct(userobsDF[, "obsdate"], format = "%Y-%m-%d %H:%M:%S")

> fileName = paste(imagesdir, "/lifecoach/user/", username, 
+     "/", obsname, ".png", sep = "")

> png(paste(fileName, sep = ""), res = ppi, width = 5 * 
+     ppi, height = 4 * ppi, pointsize = 10, units = "px")

> plot(obsdate, obsvalues, type = "b", axes = FALSE, 
+     ylab = obsname, ylim = c(floor(min(obsvalues)), ceiling(max(obsvalues))), 
+     xlim = c( .... [TRUNCATED] 

> axis(2, at = seq(floor(min(obsvalues)), ceiling(max(obsvalues)), 
+     0.25), las = 1, cex.axis = 0.6)

> axis(1, at = obsdate, labels = substr(obsdate, 6, 
+     10), cex.axis = 0.8, las = 2)

> if (obsname == "bmi") {
+     abline(h = 29, lty = 2)
+ }

> if (obsname == "weight") {
+     abline(h = 83, lty = 2)
+ }

> dev.off()
null device 
          1 
[master 36145b1] dolifecoach crontab batch script
 2 files changed, 0 insertions(+), 0 deletions(-)
 rewrite images/lifecoach/user/stefano/bmi.png (78%)
 rewrite images/lifecoach/user/stefano/weight.png (97%)
remote: Syncing git content to other proxy gears        
remote: Executing Jenkins build.        
remote: 
remote: You can track your build at https://jenkins-spicozzi.rhcloud.com/job/nudge-build        
remote: 
remote: ERROR - Job not available: http://jenkins-spicozzi.rhcloud.com/job/nudge-build        
remote: !!!!!!!!        
remote: Deployment Halted!        
remote: If the build failed before the deploy step, your previous        
remote: build is still running.  Otherwise, your application may be        
remote: partially deployed or inaccessible.        
remote: Fix the build and try again.        
remote: !!!!!!!!        
remote: An error occurred executing 'gear postreceive' (exit code: 1)        
remote: Error message: CLIENT_ERROR: Failed to execute: 'control post-receive' for /var/lib/openshift/53391eda500446b5f9000295/jenkins-client        
remote: 
remote: For more details about the problem, try running the command again with the '--trace' option.        
To ssh://53391eda500446b5f9000295@nudge-spicozzi.rhcloud.com/~/git/nudge.git/
   ffc2724..36145b1  master -> master
